#!/usr/bin/env bash
# devx usb assembly — GENERATED.
set -euxo pipefail

CACHE=/var/cache/devx-usb
mkdir -p "$CACHE"

if [ ! -f "$CACHE/fcos.iso" ]; then wget -q -O "$CACHE/fcos.iso.part" "https://example/fcos.iso" && mv "$CACHE/fcos.iso.part" "$CACHE/fcos.iso"; fi
if [ ! -f "$CACHE/ubuntu.iso" ]; then wget -q -O "$CACHE/ubuntu.iso.part" "https://example/ubuntu.iso" && mv "$CACHE/ubuntu.iso.part" "$CACHE/ubuntu.iso"; fi

# Compile Butane → Ignition, then embed into a copy of the FCOS ISO
butane --strict -o /tmp/devx-node.ign "/tmp/devx/payload/fcos.ign"
cp "$CACHE/fcos.iso" /tmp/fcos-devx.iso
coreos-installer iso ignition embed -f -i /tmp/devx-node.ign /tmp/fcos-devx.iso

# Sparse image + loop
rm -f "/tmp/devx/devx-usb.img"
truncate -s 117000M "/tmp/devx/devx-usb.img"
LOOP=$(losetup --show -f -P "/tmp/devx/devx-usb.img")

# Install Ventoy (force, reserve the storage tail)
yes | bash /opt/ventoy/Ventoy2Disk.sh -I -r 100616 "$LOOP"
partprobe "$LOOP" || true
sleep 2

# Storage partition in the reserved tail → exFAT (3rd primary in free space)
parted -s "$LOOP" -- mkpart primary 3 -1s
partprobe "$LOOP" || true
sleep 2
mkfs.exfat -n DEVXDATA "${LOOP}p3"

# Copy ISOs + payloads onto the Ventoy data partition
mkdir -p /mnt/vtoy
mount "${LOOP}p1" /mnt/vtoy
cp /tmp/fcos-devx.iso /mnt/vtoy/fcos.iso
cp "$CACHE/ubuntu.iso" /mnt/vtoy/ubuntu.iso
mkdir -p /mnt/vtoy/ventoy
cp "/tmp/devx/payload"/ventoy/ventoy.json /mnt/vtoy/ventoy/ventoy.json
cp -r "/tmp/devx/payload"/ubuntu /mnt/vtoy/ubuntu 2>/dev/null || true
sync
umount /mnt/vtoy
losetup -d "$LOOP"
echo "devx: image ready at /tmp/devx/devx-usb.img"
