#!/bin/bash
# devx usb builder provisioning — GENERATED.
set -euxo pipefail
export DEBIAN_FRONTEND=noninteractive
apt-get update -qq
apt-get install -y -qq wget jq parted exfatprogs dosfstools util-linux ca-certificates butane podman

# Ventoy (Linux installer)
if [ ! -d /opt/ventoy ]; then
  wget -qO /tmp/ventoy.tar.gz https://github.com/ventoy/Ventoy/releases/download/v1.0.99/ventoy-1.0.99-linux.tar.gz
  mkdir -p /opt/ventoy
  tar -xzf /tmp/ventoy.tar.gz -C /opt/ventoy --strip-components=1
fi
echo "devx: builder provisioned"
